// Jest Snapshot v1, https://goo.gl/fbAQLP

exports[`Dashboard renders with test data 1`] = `
ShallowWrapper {
  "length": 1,
  Symbol(enzyme.__root__): [Circular],
  Symbol(enzyme.__unrendered__): <Dashboard />,
  Symbol(enzyme.__renderer__): Object {
    "batchedUpdates": [Function],
    "getNode": [Function],
    "render": [Function],
    "simulateEvent": [Function],
    "unmount": [Function],
  },
  Symbol(enzyme.__node__): Object {
    "instance": null,
    "key": undefined,
    "nodeType": "host",
    "props": Object {
      "children": Array [
        <Header
          company={
            Object {
              "companyEst": "2018-01-22T07:16:39.125Z",
              "companyMotto": "mission-critical architect initiatives",
              "companyName": "Grimes - Connelly",
            }
          }
        />,
        <EmployeesList
          employees={
            Array [
              Object {
                "age": 25,
                "avatar": "https://s3.amazonaws.com/uifaces/faces/twitter/calebjoyce/128.jpg",
                "bio": "Delectus voluptatum enim ipsa reiciendis non dolorem. Sequi id ad reiciendis debitis ea cumque. Voluptatem corporis quaerat nisi temporibus odit non est facilis. Aut sed enim. Error molestiae similique animi repellat reprehenderit veritatis officiis est dolorem. Non rerum dolorem corporis tempore aliquid incidunt consequatur optio.",
                "dateJoined": "2016-05-06T10:30:04.234Z",
                "firstName": "Abigail",
                "id": "fda4d60d-b264-4bbf-bf62-b8ad62b9e067",
                "jobTitle": "Customer Functionality Representative",
                "lastName": "D'amore",
              },
              Object {
                "age": 58,
                "avatar": "https://s3.amazonaws.com/uifaces/faces/twitter/elisabethkjaer/128.jpg",
                "bio": "Itaque itaque harum est et aperiam. Debitis natus omnis nostrum ipsum ipsa qui. Enim qui sapiente. Itaque aliquam magni nam quae quo.",
                "dateJoined": "2018-01-08T22:22:34.404Z",
                "firstName": "Ella",
                "id": "e82706a3-14ee-43ed-9ef0-8787ada037b4",
                "jobTitle": "Future Optimization Analyst",
                "lastName": "King",
              },
              Object {
                "age": 31,
                "avatar": "https://s3.amazonaws.com/uifaces/faces/twitter/nateschulte/128.jpg",
                "bio": "Adipisci voluptate quas dolor. Eius voluptatem est velit ipsa dignissimos expedita autem deserunt. Quia architecto eum esse mollitia optio eligendi enim. Atque quas ullam velit aliquid. Et molestiae ea. Voluptates omnis delectus occaecati nobis est placeat.",
                "dateJoined": "2014-07-04T06:14:39.620Z",
                "firstName": "Anthony",
                "id": "056d0162-edf5-4542-b184-40c84c444487",
                "jobTitle": "Corporate Intranet Strategist",
                "lastName": "Garden",
              },
              Object {
                "age": 22,
                "avatar": "https://s3.amazonaws.com/uifaces/faces/twitter/phillapier/128.jpg",
                "bio": "Eveniet voluptatem illo eligendi. Aliquam velit quod. Cumque explicabo illum ut praesentium. Dolorem omnis qui ab iusto ipsum sit eum ducimus eius. Et est ea.",
                "dateJoined": "2016-01-16T00:58:40.357Z",
                "firstName": "Nate",
                "id": "2180e553-5024-4590-933d-6e17a3fd620f",
                "jobTitle": "District Research Developer",
                "lastName": "Mitchell",
              },
              Object {
                "age": 23,
                "avatar": "https://s3.amazonaws.com/uifaces/faces/twitter/rude/128.jpg",
                "bio": "Voluptas velit facere aperiam deserunt qui qui doloremque eos. Accusamus dolorem sint. Tempora debitis excepturi eum. Sed optio ea. Et mollitia commodi sed numquam quis hic molestias quo sequi. Est sed repudiandae sint et aperiam blanditiis.",
                "dateJoined": "2017-01-06T05:56:46.314Z",
                "firstName": "Adam",
                "id": "190df579-df31-45f1-a498-b04342eb9867",
                "jobTitle": "Direct Factors Developer",
                "lastName": "Huel",
              },
              Object {
                "age": 52,
                "avatar": "https://s3.amazonaws.com/uifaces/faces/twitter/johndezember/128.jpg",
                "bio": "Ut quas eos nostrum qui et molestiae iure voluptatem. Quibusdam et est aliquam aut quia quos vitae accusamus. Tenetur et magni veniam voluptates numquam. Dolore facere ea et voluptatem quidem ratione aperiam.",
                "dateJoined": "2011-11-11T01:59:27.901Z",
                "firstName": "Leah",
                "id": "9283ad6d-862b-454a-9098-5a87204c3b9e",
                "jobTitle": "Investor Integration Planner",
                "lastName": "Wilkinson",
              },
              Object {
                "age": 67,
                "avatar": "https://s3.amazonaws.com/uifaces/faces/twitter/tereshenkov/128.jpg",
                "bio": "Quia perferendis nemo iste ad tempore itaque asperiores cumque hic. Esse provident pariatur distinctio magnam. Itaque consectetur qui aut inventore animi sit.",
                "dateJoined": "2016-01-27T17:41:15.425Z",
                "firstName": "Abbey",
                "id": "7993d4e0-4434-484e-a20e-d41b4dbf967b",
                "jobTitle": "Principal Integration Associate",
                "lastName": "Cassin",
              },
              Object {
                "age": 41,
                "avatar": "https://s3.amazonaws.com/uifaces/faces/twitter/davidcazalis/128.jpg",
                "bio": "Ducimus officia magnam tempora et ut tenetur nam. Error perspiciatis veritatis veritatis et provident. Et molestiae placeat qui maiores eaque at hic autem. Illo minus necessitatibus. Quo maxime illum itaque nobis aut.",
                "dateJoined": "2014-04-11T14:56:15.447Z",
                "firstName": "Jake",
                "id": "384cae2f-2400-4d0a-bafd-2af3bc3e4e14",
                "jobTitle": "Regional Web Planner",
                "lastName": "Bahringer",
              },
              Object {
                "age": 61,
                "avatar": "https://s3.amazonaws.com/uifaces/faces/twitter/fabbianz/128.jpg",
                "bio": "Delectus neque illo aspernatur. Excepturi beatae iusto porro sunt molestiae. Rerum sit aspernatur corrupti minima.",
                "dateJoined": "2016-06-24T13:38:45.558Z",
                "firstName": "Isabel",
                "id": "ca08a343-bb9a-45f5-a7a2-21a2fd4af865",
                "jobTitle": "Dynamic Response Specialist",
                "lastName": "Mclaughlin",
              },
              Object {
                "age": 29,
                "avatar": "https://s3.amazonaws.com/uifaces/faces/twitter/shaneIxD/128.jpg",
                "bio": "Iusto sunt eum reiciendis. Recusandae ad sint quo dolor quos enim quo. Blanditiis voluptatem qui atque asperiores nobis commodi repellat impedit. Commodi repudiandae sit ullam in deserunt voluptatem. Est esse est vitae consequatur sapiente quasi deserunt sint accusantium. Delectus quia cumque assumenda eos illum quam iste.",
                "dateJoined": "2015-09-25T15:01:16.774Z",
                "firstName": "Dylan",
                "id": "ac49a332-8dff-4114-b433-752f2b59652e",
                "jobTitle": "Legacy Research Assistant",
                "lastName": "Johnson",
              },
              Object {
                "age": 28,
                "avatar": "https://s3.amazonaws.com/uifaces/faces/twitter/aio___/128.jpg",
                "bio": "Tempora fugit voluptas quaerat. Saepe sit et modi et ipsam aut qui nemo numquam. Recusandae velit voluptatem quisquam esse laudantium earum.",
                "dateJoined": "2017-10-26T00:02:33.368Z",
                "firstName": "Alexandra",
                "id": "d67dbab1-0aff-4c39-9a40-02d3abaeff34",
                "jobTitle": "Future Factors Analyst",
                "lastName": "Campbell",
              },
              Object {
                "age": 31,
                "avatar": "https://s3.amazonaws.com/uifaces/faces/twitter/lowie/128.jpg",
                "bio": "Et ut architecto totam mollitia molestiae autem. Harum dolorem consequatur numquam molestiae laudantium. Tempore sit aspernatur nemo fuga. Aspernatur et magnam debitis vel. A enim ratione nihil ab pariatur quis praesentium. Voluptatem quia et eum qui.",
                "dateJoined": "2016-08-19T03:52:44.913Z",
                "firstName": "Grace",
                "id": "b3b3d1b2-3abd-428b-8d40-87f789bcb26a",
                "jobTitle": "Senior Tactics Manager",
                "lastName": "Cole",
              },
            ]
          }
        />,
        <Footer />,
      ],
    },
    "ref": null,
    "rendered": Array [
      Object {
        "instance": null,
        "key": undefined,
        "nodeType": "function",
        "props": Object {
          "company": Object {
            "companyEst": "2018-01-22T07:16:39.125Z",
            "companyMotto": "mission-critical architect initiatives",
            "companyName": "Grimes - Connelly",
          },
        },
        "ref": null,
        "rendered": null,
        "type": [Function],
      },
      Object {
        "instance": null,
        "key": undefined,
        "nodeType": "function",
        "props": Object {
          "employees": Array [
            Object {
              "age": 25,
              "avatar": "https://s3.amazonaws.com/uifaces/faces/twitter/calebjoyce/128.jpg",
              "bio": "Delectus voluptatum enim ipsa reiciendis non dolorem. Sequi id ad reiciendis debitis ea cumque. Voluptatem corporis quaerat nisi temporibus odit non est facilis. Aut sed enim. Error molestiae similique animi repellat reprehenderit veritatis officiis est dolorem. Non rerum dolorem corporis tempore aliquid incidunt consequatur optio.",
              "dateJoined": "2016-05-06T10:30:04.234Z",
              "firstName": "Abigail",
              "id": "fda4d60d-b264-4bbf-bf62-b8ad62b9e067",
              "jobTitle": "Customer Functionality Representative",
              "lastName": "D'amore",
            },
            Object {
              "age": 58,
              "avatar": "https://s3.amazonaws.com/uifaces/faces/twitter/elisabethkjaer/128.jpg",
              "bio": "Itaque itaque harum est et aperiam. Debitis natus omnis nostrum ipsum ipsa qui. Enim qui sapiente. Itaque aliquam magni nam quae quo.",
              "dateJoined": "2018-01-08T22:22:34.404Z",
              "firstName": "Ella",
              "id": "e82706a3-14ee-43ed-9ef0-8787ada037b4",
              "jobTitle": "Future Optimization Analyst",
              "lastName": "King",
            },
            Object {
              "age": 31,
              "avatar": "https://s3.amazonaws.com/uifaces/faces/twitter/nateschulte/128.jpg",
              "bio": "Adipisci voluptate quas dolor. Eius voluptatem est velit ipsa dignissimos expedita autem deserunt. Quia architecto eum esse mollitia optio eligendi enim. Atque quas ullam velit aliquid. Et molestiae ea. Voluptates omnis delectus occaecati nobis est placeat.",
              "dateJoined": "2014-07-04T06:14:39.620Z",
              "firstName": "Anthony",
              "id": "056d0162-edf5-4542-b184-40c84c444487",
              "jobTitle": "Corporate Intranet Strategist",
              "lastName": "Garden",
            },
            Object {
              "age": 22,
              "avatar": "https://s3.amazonaws.com/uifaces/faces/twitter/phillapier/128.jpg",
              "bio": "Eveniet voluptatem illo eligendi. Aliquam velit quod. Cumque explicabo illum ut praesentium. Dolorem omnis qui ab iusto ipsum sit eum ducimus eius. Et est ea.",
              "dateJoined": "2016-01-16T00:58:40.357Z",
              "firstName": "Nate",
              "id": "2180e553-5024-4590-933d-6e17a3fd620f",
              "jobTitle": "District Research Developer",
              "lastName": "Mitchell",
            },
            Object {
              "age": 23,
              "avatar": "https://s3.amazonaws.com/uifaces/faces/twitter/rude/128.jpg",
              "bio": "Voluptas velit facere aperiam deserunt qui qui doloremque eos. Accusamus dolorem sint. Tempora debitis excepturi eum. Sed optio ea. Et mollitia commodi sed numquam quis hic molestias quo sequi. Est sed repudiandae sint et aperiam blanditiis.",
              "dateJoined": "2017-01-06T05:56:46.314Z",
              "firstName": "Adam",
              "id": "190df579-df31-45f1-a498-b04342eb9867",
              "jobTitle": "Direct Factors Developer",
              "lastName": "Huel",
            },
            Object {
              "age": 52,
              "avatar": "https://s3.amazonaws.com/uifaces/faces/twitter/johndezember/128.jpg",
              "bio": "Ut quas eos nostrum qui et molestiae iure voluptatem. Quibusdam et est aliquam aut quia quos vitae accusamus. Tenetur et magni veniam voluptates numquam. Dolore facere ea et voluptatem quidem ratione aperiam.",
              "dateJoined": "2011-11-11T01:59:27.901Z",
              "firstName": "Leah",
              "id": "9283ad6d-862b-454a-9098-5a87204c3b9e",
              "jobTitle": "Investor Integration Planner",
              "lastName": "Wilkinson",
            },
            Object {
              "age": 67,
              "avatar": "https://s3.amazonaws.com/uifaces/faces/twitter/tereshenkov/128.jpg",
              "bio": "Quia perferendis nemo iste ad tempore itaque asperiores cumque hic. Esse provident pariatur distinctio magnam. Itaque consectetur qui aut inventore animi sit.",
              "dateJoined": "2016-01-27T17:41:15.425Z",
              "firstName": "Abbey",
              "id": "7993d4e0-4434-484e-a20e-d41b4dbf967b",
              "jobTitle": "Principal Integration Associate",
              "lastName": "Cassin",
            },
            Object {
              "age": 41,
              "avatar": "https://s3.amazonaws.com/uifaces/faces/twitter/davidcazalis/128.jpg",
              "bio": "Ducimus officia magnam tempora et ut tenetur nam. Error perspiciatis veritatis veritatis et provident. Et molestiae placeat qui maiores eaque at hic autem. Illo minus necessitatibus. Quo maxime illum itaque nobis aut.",
              "dateJoined": "2014-04-11T14:56:15.447Z",
              "firstName": "Jake",
              "id": "384cae2f-2400-4d0a-bafd-2af3bc3e4e14",
              "jobTitle": "Regional Web Planner",
              "lastName": "Bahringer",
            },
            Object {
              "age": 61,
              "avatar": "https://s3.amazonaws.com/uifaces/faces/twitter/fabbianz/128.jpg",
              "bio": "Delectus neque illo aspernatur. Excepturi beatae iusto porro sunt molestiae. Rerum sit aspernatur corrupti minima.",
              "dateJoined": "2016-06-24T13:38:45.558Z",
              "firstName": "Isabel",
              "id": "ca08a343-bb9a-45f5-a7a2-21a2fd4af865",
              "jobTitle": "Dynamic Response Specialist",
              "lastName": "Mclaughlin",
            },
            Object {
              "age": 29,
              "avatar": "https://s3.amazonaws.com/uifaces/faces/twitter/shaneIxD/128.jpg",
              "bio": "Iusto sunt eum reiciendis. Recusandae ad sint quo dolor quos enim quo. Blanditiis voluptatem qui atque asperiores nobis commodi repellat impedit. Commodi repudiandae sit ullam in deserunt voluptatem. Est esse est vitae consequatur sapiente quasi deserunt sint accusantium. Delectus quia cumque assumenda eos illum quam iste.",
              "dateJoined": "2015-09-25T15:01:16.774Z",
              "firstName": "Dylan",
              "id": "ac49a332-8dff-4114-b433-752f2b59652e",
              "jobTitle": "Legacy Research Assistant",
              "lastName": "Johnson",
            },
            Object {
              "age": 28,
              "avatar": "https://s3.amazonaws.com/uifaces/faces/twitter/aio___/128.jpg",
              "bio": "Tempora fugit voluptas quaerat. Saepe sit et modi et ipsam aut qui nemo numquam. Recusandae velit voluptatem quisquam esse laudantium earum.",
              "dateJoined": "2017-10-26T00:02:33.368Z",
              "firstName": "Alexandra",
              "id": "d67dbab1-0aff-4c39-9a40-02d3abaeff34",
              "jobTitle": "Future Factors Analyst",
              "lastName": "Campbell",
            },
            Object {
              "age": 31,
              "avatar": "https://s3.amazonaws.com/uifaces/faces/twitter/lowie/128.jpg",
              "bio": "Et ut architecto totam mollitia molestiae autem. Harum dolorem consequatur numquam molestiae laudantium. Tempore sit aspernatur nemo fuga. Aspernatur et magnam debitis vel. A enim ratione nihil ab pariatur quis praesentium. Voluptatem quia et eum qui.",
              "dateJoined": "2016-08-19T03:52:44.913Z",
              "firstName": "Grace",
              "id": "b3b3d1b2-3abd-428b-8d40-87f789bcb26a",
              "jobTitle": "Senior Tactics Manager",
              "lastName": "Cole",
            },
          ],
        },
        "ref": null,
        "rendered": null,
        "type": [Function],
      },
      Object {
        "instance": null,
        "key": undefined,
        "nodeType": "function",
        "props": Object {},
        "ref": null,
        "rendered": null,
        "type": [Function],
      },
    ],
    "type": "div",
  },
  Symbol(enzyme.__nodes__): Array [
    Object {
      "instance": null,
      "key": undefined,
      "nodeType": "host",
      "props": Object {
        "children": Array [
          <Header
            company={
              Object {
                "companyEst": "2018-01-22T07:16:39.125Z",
                "companyMotto": "mission-critical architect initiatives",
                "companyName": "Grimes - Connelly",
              }
            }
          />,
          <EmployeesList
            employees={
              Array [
                Object {
                  "age": 25,
                  "avatar": "https://s3.amazonaws.com/uifaces/faces/twitter/calebjoyce/128.jpg",
                  "bio": "Delectus voluptatum enim ipsa reiciendis non dolorem. Sequi id ad reiciendis debitis ea cumque. Voluptatem corporis quaerat nisi temporibus odit non est facilis. Aut sed enim. Error molestiae similique animi repellat reprehenderit veritatis officiis est dolorem. Non rerum dolorem corporis tempore aliquid incidunt consequatur optio.",
                  "dateJoined": "2016-05-06T10:30:04.234Z",
                  "firstName": "Abigail",
                  "id": "fda4d60d-b264-4bbf-bf62-b8ad62b9e067",
                  "jobTitle": "Customer Functionality Representative",
                  "lastName": "D'amore",
                },
                Object {
                  "age": 58,
                  "avatar": "https://s3.amazonaws.com/uifaces/faces/twitter/elisabethkjaer/128.jpg",
                  "bio": "Itaque itaque harum est et aperiam. Debitis natus omnis nostrum ipsum ipsa qui. Enim qui sapiente. Itaque aliquam magni nam quae quo.",
                  "dateJoined": "2018-01-08T22:22:34.404Z",
                  "firstName": "Ella",
                  "id": "e82706a3-14ee-43ed-9ef0-8787ada037b4",
                  "jobTitle": "Future Optimization Analyst",
                  "lastName": "King",
                },
                Object {
                  "age": 31,
                  "avatar": "https://s3.amazonaws.com/uifaces/faces/twitter/nateschulte/128.jpg",
                  "bio": "Adipisci voluptate quas dolor. Eius voluptatem est velit ipsa dignissimos expedita autem deserunt. Quia architecto eum esse mollitia optio eligendi enim. Atque quas ullam velit aliquid. Et molestiae ea. Voluptates omnis delectus occaecati nobis est placeat.",
                  "dateJoined": "2014-07-04T06:14:39.620Z",
                  "firstName": "Anthony",
                  "id": "056d0162-edf5-4542-b184-40c84c444487",
                  "jobTitle": "Corporate Intranet Strategist",
                  "lastName": "Garden",
                },
                Object {
                  "age": 22,
                  "avatar": "https://s3.amazonaws.com/uifaces/faces/twitter/phillapier/128.jpg",
                  "bio": "Eveniet voluptatem illo eligendi. Aliquam velit quod. Cumque explicabo illum ut praesentium. Dolorem omnis qui ab iusto ipsum sit eum ducimus eius. Et est ea.",
                  "dateJoined": "2016-01-16T00:58:40.357Z",
                  "firstName": "Nate",
                  "id": "2180e553-5024-4590-933d-6e17a3fd620f",
                  "jobTitle": "District Research Developer",
                  "lastName": "Mitchell",
                },
                Object {
                  "age": 23,
                  "avatar": "https://s3.amazonaws.com/uifaces/faces/twitter/rude/128.jpg",
                  "bio": "Voluptas velit facere aperiam deserunt qui qui doloremque eos. Accusamus dolorem sint. Tempora debitis excepturi eum. Sed optio ea. Et mollitia commodi sed numquam quis hic molestias quo sequi. Est sed repudiandae sint et aperiam blanditiis.",
                  "dateJoined": "2017-01-06T05:56:46.314Z",
                  "firstName": "Adam",
                  "id": "190df579-df31-45f1-a498-b04342eb9867",
                  "jobTitle": "Direct Factors Developer",
                  "lastName": "Huel",
                },
                Object {
                  "age": 52,
                  "avatar": "https://s3.amazonaws.com/uifaces/faces/twitter/johndezember/128.jpg",
                  "bio": "Ut quas eos nostrum qui et molestiae iure voluptatem. Quibusdam et est aliquam aut quia quos vitae accusamus. Tenetur et magni veniam voluptates numquam. Dolore facere ea et voluptatem quidem ratione aperiam.",
                  "dateJoined": "2011-11-11T01:59:27.901Z",
                  "firstName": "Leah",
                  "id": "9283ad6d-862b-454a-9098-5a87204c3b9e",
                  "jobTitle": "Investor Integration Planner",
                  "lastName": "Wilkinson",
                },
                Object {
                  "age": 67,
                  "avatar": "https://s3.amazonaws.com/uifaces/faces/twitter/tereshenkov/128.jpg",
                  "bio": "Quia perferendis nemo iste ad tempore itaque asperiores cumque hic. Esse provident pariatur distinctio magnam. Itaque consectetur qui aut inventore animi sit.",
                  "dateJoined": "2016-01-27T17:41:15.425Z",
                  "firstName": "Abbey",
                  "id": "7993d4e0-4434-484e-a20e-d41b4dbf967b",
                  "jobTitle": "Principal Integration Associate",
                  "lastName": "Cassin",
                },
                Object {
                  "age": 41,
                  "avatar": "https://s3.amazonaws.com/uifaces/faces/twitter/davidcazalis/128.jpg",
                  "bio": "Ducimus officia magnam tempora et ut tenetur nam. Error perspiciatis veritatis veritatis et provident. Et molestiae placeat qui maiores eaque at hic autem. Illo minus necessitatibus. Quo maxime illum itaque nobis aut.",
                  "dateJoined": "2014-04-11T14:56:15.447Z",
                  "firstName": "Jake",
                  "id": "384cae2f-2400-4d0a-bafd-2af3bc3e4e14",
                  "jobTitle": "Regional Web Planner",
                  "lastName": "Bahringer",
                },
                Object {
                  "age": 61,
                  "avatar": "https://s3.amazonaws.com/uifaces/faces/twitter/fabbianz/128.jpg",
                  "bio": "Delectus neque illo aspernatur. Excepturi beatae iusto porro sunt molestiae. Rerum sit aspernatur corrupti minima.",
                  "dateJoined": "2016-06-24T13:38:45.558Z",
                  "firstName": "Isabel",
                  "id": "ca08a343-bb9a-45f5-a7a2-21a2fd4af865",
                  "jobTitle": "Dynamic Response Specialist",
                  "lastName": "Mclaughlin",
                },
                Object {
                  "age": 29,
                  "avatar": "https://s3.amazonaws.com/uifaces/faces/twitter/shaneIxD/128.jpg",
                  "bio": "Iusto sunt eum reiciendis. Recusandae ad sint quo dolor quos enim quo. Blanditiis voluptatem qui atque asperiores nobis commodi repellat impedit. Commodi repudiandae sit ullam in deserunt voluptatem. Est esse est vitae consequatur sapiente quasi deserunt sint accusantium. Delectus quia cumque assumenda eos illum quam iste.",
                  "dateJoined": "2015-09-25T15:01:16.774Z",
                  "firstName": "Dylan",
                  "id": "ac49a332-8dff-4114-b433-752f2b59652e",
                  "jobTitle": "Legacy Research Assistant",
                  "lastName": "Johnson",
                },
                Object {
                  "age": 28,
                  "avatar": "https://s3.amazonaws.com/uifaces/faces/twitter/aio___/128.jpg",
                  "bio": "Tempora fugit voluptas quaerat. Saepe sit et modi et ipsam aut qui nemo numquam. Recusandae velit voluptatem quisquam esse laudantium earum.",
                  "dateJoined": "2017-10-26T00:02:33.368Z",
                  "firstName": "Alexandra",
                  "id": "d67dbab1-0aff-4c39-9a40-02d3abaeff34",
                  "jobTitle": "Future Factors Analyst",
                  "lastName": "Campbell",
                },
                Object {
                  "age": 31,
                  "avatar": "https://s3.amazonaws.com/uifaces/faces/twitter/lowie/128.jpg",
                  "bio": "Et ut architecto totam mollitia molestiae autem. Harum dolorem consequatur numquam molestiae laudantium. Tempore sit aspernatur nemo fuga. Aspernatur et magnam debitis vel. A enim ratione nihil ab pariatur quis praesentium. Voluptatem quia et eum qui.",
                  "dateJoined": "2016-08-19T03:52:44.913Z",
                  "firstName": "Grace",
                  "id": "b3b3d1b2-3abd-428b-8d40-87f789bcb26a",
                  "jobTitle": "Senior Tactics Manager",
                  "lastName": "Cole",
                },
              ]
            }
          />,
          <Footer />,
        ],
      },
      "ref": null,
      "rendered": Array [
        Object {
          "instance": null,
          "key": undefined,
          "nodeType": "function",
          "props": Object {
            "company": Object {
              "companyEst": "2018-01-22T07:16:39.125Z",
              "companyMotto": "mission-critical architect initiatives",
              "companyName": "Grimes - Connelly",
            },
          },
          "ref": null,
          "rendered": null,
          "type": [Function],
        },
        Object {
          "instance": null,
          "key": undefined,
          "nodeType": "function",
          "props": Object {
            "employees": Array [
              Object {
                "age": 25,
                "avatar": "https://s3.amazonaws.com/uifaces/faces/twitter/calebjoyce/128.jpg",
                "bio": "Delectus voluptatum enim ipsa reiciendis non dolorem. Sequi id ad reiciendis debitis ea cumque. Voluptatem corporis quaerat nisi temporibus odit non est facilis. Aut sed enim. Error molestiae similique animi repellat reprehenderit veritatis officiis est dolorem. Non rerum dolorem corporis tempore aliquid incidunt consequatur optio.",
                "dateJoined": "2016-05-06T10:30:04.234Z",
                "firstName": "Abigail",
                "id": "fda4d60d-b264-4bbf-bf62-b8ad62b9e067",
                "jobTitle": "Customer Functionality Representative",
                "lastName": "D'amore",
              },
              Object {
                "age": 58,
                "avatar": "https://s3.amazonaws.com/uifaces/faces/twitter/elisabethkjaer/128.jpg",
                "bio": "Itaque itaque harum est et aperiam. Debitis natus omnis nostrum ipsum ipsa qui. Enim qui sapiente. Itaque aliquam magni nam quae quo.",
                "dateJoined": "2018-01-08T22:22:34.404Z",
                "firstName": "Ella",
                "id": "e82706a3-14ee-43ed-9ef0-8787ada037b4",
                "jobTitle": "Future Optimization Analyst",
                "lastName": "King",
              },
              Object {
                "age": 31,
                "avatar": "https://s3.amazonaws.com/uifaces/faces/twitter/nateschulte/128.jpg",
                "bio": "Adipisci voluptate quas dolor. Eius voluptatem est velit ipsa dignissimos expedita autem deserunt. Quia architecto eum esse mollitia optio eligendi enim. Atque quas ullam velit aliquid. Et molestiae ea. Voluptates omnis delectus occaecati nobis est placeat.",
                "dateJoined": "2014-07-04T06:14:39.620Z",
                "firstName": "Anthony",
                "id": "056d0162-edf5-4542-b184-40c84c444487",
                "jobTitle": "Corporate Intranet Strategist",
                "lastName": "Garden",
              },
              Object {
                "age": 22,
                "avatar": "https://s3.amazonaws.com/uifaces/faces/twitter/phillapier/128.jpg",
                "bio": "Eveniet voluptatem illo eligendi. Aliquam velit quod. Cumque explicabo illum ut praesentium. Dolorem omnis qui ab iusto ipsum sit eum ducimus eius. Et est ea.",
                "dateJoined": "2016-01-16T00:58:40.357Z",
                "firstName": "Nate",
                "id": "2180e553-5024-4590-933d-6e17a3fd620f",
                "jobTitle": "District Research Developer",
                "lastName": "Mitchell",
              },
              Object {
                "age": 23,
                "avatar": "https://s3.amazonaws.com/uifaces/faces/twitter/rude/128.jpg",
                "bio": "Voluptas velit facere aperiam deserunt qui qui doloremque eos. Accusamus dolorem sint. Tempora debitis excepturi eum. Sed optio ea. Et mollitia commodi sed numquam quis hic molestias quo sequi. Est sed repudiandae sint et aperiam blanditiis.",
                "dateJoined": "2017-01-06T05:56:46.314Z",
                "firstName": "Adam",
                "id": "190df579-df31-45f1-a498-b04342eb9867",
                "jobTitle": "Direct Factors Developer",
                "lastName": "Huel",
              },
              Object {
                "age": 52,
                "avatar": "https://s3.amazonaws.com/uifaces/faces/twitter/johndezember/128.jpg",
                "bio": "Ut quas eos nostrum qui et molestiae iure voluptatem. Quibusdam et est aliquam aut quia quos vitae accusamus. Tenetur et magni veniam voluptates numquam. Dolore facere ea et voluptatem quidem ratione aperiam.",
                "dateJoined": "2011-11-11T01:59:27.901Z",
                "firstName": "Leah",
                "id": "9283ad6d-862b-454a-9098-5a87204c3b9e",
                "jobTitle": "Investor Integration Planner",
                "lastName": "Wilkinson",
              },
              Object {
                "age": 67,
                "avatar": "https://s3.amazonaws.com/uifaces/faces/twitter/tereshenkov/128.jpg",
                "bio": "Quia perferendis nemo iste ad tempore itaque asperiores cumque hic. Esse provident pariatur distinctio magnam. Itaque consectetur qui aut inventore animi sit.",
                "dateJoined": "2016-01-27T17:41:15.425Z",
                "firstName": "Abbey",
                "id": "7993d4e0-4434-484e-a20e-d41b4dbf967b",
                "jobTitle": "Principal Integration Associate",
                "lastName": "Cassin",
              },
              Object {
                "age": 41,
                "avatar": "https://s3.amazonaws.com/uifaces/faces/twitter/davidcazalis/128.jpg",
                "bio": "Ducimus officia magnam tempora et ut tenetur nam. Error perspiciatis veritatis veritatis et provident. Et molestiae placeat qui maiores eaque at hic autem. Illo minus necessitatibus. Quo maxime illum itaque nobis aut.",
                "dateJoined": "2014-04-11T14:56:15.447Z",
                "firstName": "Jake",
                "id": "384cae2f-2400-4d0a-bafd-2af3bc3e4e14",
                "jobTitle": "Regional Web Planner",
                "lastName": "Bahringer",
              },
              Object {
                "age": 61,
                "avatar": "https://s3.amazonaws.com/uifaces/faces/twitter/fabbianz/128.jpg",
                "bio": "Delectus neque illo aspernatur. Excepturi beatae iusto porro sunt molestiae. Rerum sit aspernatur corrupti minima.",
                "dateJoined": "2016-06-24T13:38:45.558Z",
                "firstName": "Isabel",
                "id": "ca08a343-bb9a-45f5-a7a2-21a2fd4af865",
                "jobTitle": "Dynamic Response Specialist",
                "lastName": "Mclaughlin",
              },
              Object {
                "age": 29,
                "avatar": "https://s3.amazonaws.com/uifaces/faces/twitter/shaneIxD/128.jpg",
                "bio": "Iusto sunt eum reiciendis. Recusandae ad sint quo dolor quos enim quo. Blanditiis voluptatem qui atque asperiores nobis commodi repellat impedit. Commodi repudiandae sit ullam in deserunt voluptatem. Est esse est vitae consequatur sapiente quasi deserunt sint accusantium. Delectus quia cumque assumenda eos illum quam iste.",
                "dateJoined": "2015-09-25T15:01:16.774Z",
                "firstName": "Dylan",
                "id": "ac49a332-8dff-4114-b433-752f2b59652e",
                "jobTitle": "Legacy Research Assistant",
                "lastName": "Johnson",
              },
              Object {
                "age": 28,
                "avatar": "https://s3.amazonaws.com/uifaces/faces/twitter/aio___/128.jpg",
                "bio": "Tempora fugit voluptas quaerat. Saepe sit et modi et ipsam aut qui nemo numquam. Recusandae velit voluptatem quisquam esse laudantium earum.",
                "dateJoined": "2017-10-26T00:02:33.368Z",
                "firstName": "Alexandra",
                "id": "d67dbab1-0aff-4c39-9a40-02d3abaeff34",
                "jobTitle": "Future Factors Analyst",
                "lastName": "Campbell",
              },
              Object {
                "age": 31,
                "avatar": "https://s3.amazonaws.com/uifaces/faces/twitter/lowie/128.jpg",
                "bio": "Et ut architecto totam mollitia molestiae autem. Harum dolorem consequatur numquam molestiae laudantium. Tempore sit aspernatur nemo fuga. Aspernatur et magnam debitis vel. A enim ratione nihil ab pariatur quis praesentium. Voluptatem quia et eum qui.",
                "dateJoined": "2016-08-19T03:52:44.913Z",
                "firstName": "Grace",
                "id": "b3b3d1b2-3abd-428b-8d40-87f789bcb26a",
                "jobTitle": "Senior Tactics Manager",
                "lastName": "Cole",
              },
            ],
          },
          "ref": null,
          "rendered": null,
          "type": [Function],
        },
        Object {
          "instance": null,
          "key": undefined,
          "nodeType": "function",
          "props": Object {},
          "ref": null,
          "rendered": null,
          "type": [Function],
        },
      ],
      "type": "div",
    },
  ],
  Symbol(enzyme.__options__): Object {
    "adapter": ReactSixteenAdapter {
      "options": Object {
        "enableComponentDidUpdateOnSetState": true,
      },
    },
  },
}
`;
